exports[`组件库访问 > 快照测试 #0`] =
{
  "_reactListenersID34174441934665345": 0,
  "location": {
    "ancestorOrigins": {
      "0": "http://192.168.200.178:6006"
    },
    "hash": "",
    "host": "192.168.200.178:6006",
    "hostname": "192.168.200.178",
    "href": "http://192.168.200.178:6006/?path=/story/panel--%E5%9F%BA%E7%A1%80%E7%94%A8%E6%B3%95",
    "origin": "http://192.168.200.178:6006",
    "pathname": "/",
    "port": "6006",
    "protocol": "http:",
    "search": "?path=/story/panel--%E5%9F%BA%E7%A1%80%E7%94%A8%E6%B3%95"
  },
  "sizzle1565248289978": {
    "undefined": {
      "parentNode": [
        835.8511107571264,
        1710,
        false
      ]
    }
  }
};
